HiddenGetProperty => Hidden get property
IntProperty => 5
ReadonlyProperty => False
StringProperty => string property
