Failed[0] = StringProperty: 'string property' != 'NULL' ::	Failed
