Failed[0] = DateTime: 'Thursday, May 05, 2005 12:00:00 AM' != 'Saturday, May 06, 2006 12:00:00 AM' ::	Failed
