Failed:[0] = Length: '3' != '2' ::	Failed
Failed:[1] = LongLength: '3' != '2' ::	Failed
