Failed[0] = StringProperty: 'NULL' != 'string property' ::	Failed
